     1                                              global  _start
     2                                              extern  _printf
     3                                  
     4                                              section .text
     5                                  _start:
     6 00000000 55                          push    rbp
     7 00000001 48BF-                       mov     rdi,    fmt
     7 00000003 [0000000000000000] 
     8 0000000B 48BE-                       mov     rsi,    msg
     8 0000000D [0A00000000000000] 
     9 00000015 B800000000                  mov     rax,     0
    10 0000001A E8(00000000)                call    _printf
    11                                  
    12 0000001F 5D                          pop rbp
    13                                      
    14 00000020 EB00                        jmp _exit
    15                                  
    16                                  _exit:
    17 00000022 B83C000000                      mov rax,    60
    18 00000027 BF00000000                      mov rdi,    0
    19 0000002C 0F05                            syscall
    20                                  
    21                                              section .data
    22 00000000 68656C6C6F2025730A-     fmt:    db  "hello %s",10,0
    22 00000009 00                 
    23 0000000A 73616D697200            msg:    db  "samir",0
